// Jest Snapshot v1, https://goo.gl/fbAQLP

exports[`matches snapshot of Card component 1`] = `[Function]`;
